11:36:21 **** Build of configuration Release for project STM32F407_Discovery ****
make all 
arm-none-eabi-gcc "C:/MyProject/AWE_project/02.milestone/AWE_stm32f4_source/SampleApps/STM32F407/Source/AWECoreUtils.c" -mcpu=cortex-m4 -std=gnu11 -DENABLE_MIC -DUSE_HAL_DRIVER -DSTM32F407xx -DCORE_M4 -DDSPC_CORTEX_M -DARM_MATH_CM4 -DUSE_V4_FEATURES -DUSE_FLASH_FILE_SYSTEM -DHID_INTERFACE -DSTM32F4XX -DUSE_STM32F4XX_DISCOVERY -DUSE_DEFAULT_TIMEOUT_CALLBACK -DUSE_GPIO -D_DLIB_FILE_DESCRIPTOR -D__FPU_PRESENT=1U -c -I../../../../Source -I../../../../../../AWECore/Include -I../../../../Vendor/Drivers/STM32F4xx_HAL_Driver/Inc -I../../../../Vendor/Drivers/STM32F4xx_HAL_Driver/Inc/Legacy -I../../../../Vendor/Middlewares/ST/STM32_USB_Device_Library/Core/Inc -I../../../../Vendor/Middlewares/ST/STM32_USB_Device_Library/Class/AUDIO/Inc -I../../../../Vendor/Drivers/CMSIS/Include -I../../../../Vendor/Drivers/CMSIS/Device/ST/STM32F4xx/Include -I../../../../Vendor/Drivers/BSP -I../../../../Vendor/Include -I../../../../Vendor/Source -O3 -ffunction-sections -Wall -fstack-usage -fcyclomatic-complexity -MMD -MP -MF"Source/AWECoreUtils.d" -MT"Source/AWECoreUtils.o" --specs=nano.specs -mfpu=fpv4-sp-d16 -mfloat-abi=hard -mthumb -o "Source/AWECoreUtils.o"
arm-none-eabi-gcc "C:/MyProject/AWE_project/02.milestone/AWE_stm32f4_source/SampleApps/STM32F407/Source/AudioDriver.c" -mcpu=cortex-m4 -std=gnu11 -DENABLE_MIC -DUSE_HAL_DRIVER -DSTM32F407xx -DCORE_M4 -DDSPC_CORTEX_M -DARM_MATH_CM4 -DUSE_V4_FEATURES -DUSE_FLASH_FILE_SYSTEM -DHID_INTERFACE -DSTM32F4XX -DUSE_STM32F4XX_DISCOVERY -DUSE_DEFAULT_TIMEOUT_CALLBACK -DUSE_GPIO -D_DLIB_FILE_DESCRIPTOR -D__FPU_PRESENT=1U -c -I../../../../Source -I../../../../../../AWECore/Include -I../../../../Vendor/Drivers/STM32F4xx_HAL_Driver/Inc -I../../../../Vendor/Drivers/STM32F4xx_HAL_Driver/Inc/Legacy -I../../../../Vendor/Middlewares/ST/STM32_USB_Device_Library/Core/Inc -I../../../../Vendor/Middlewares/ST/STM32_USB_Device_Library/Class/AUDIO/Inc -I../../../../Vendor/Drivers/CMSIS/Include -I../../../../Vendor/Drivers/CMSIS/Device/ST/STM32F4xx/Include -I../../../../Vendor/Drivers/BSP -I../../../../Vendor/Include -I../../../../Vendor/Source -O3 -ffunction-sections -Wall -fstack-usage -fcyclomatic-complexity -MMD -MP -MF"Source/AudioDriver.d" -MT"Source/AudioDriver.o" --specs=nano.specs -mfpu=fpv4-sp-d16 -mfloat-abi=hard -mthumb -o "Source/AudioDriver.o"
arm-none-eabi-gcc "C:/MyProject/AWE_project/02.milestone/AWE_stm32f4_source/SampleApps/STM32F407/Source/BoardSetup.c" -mcpu=cortex-m4 -std=gnu11 -DENABLE_MIC -DUSE_HAL_DRIVER -DSTM32F407xx -DCORE_M4 -DDSPC_CORTEX_M -DARM_MATH_CM4 -DUSE_V4_FEATURES -DUSE_FLASH_FILE_SYSTEM -DHID_INTERFACE -DSTM32F4XX -DUSE_STM32F4XX_DISCOVERY -DUSE_DEFAULT_TIMEOUT_CALLBACK -DUSE_GPIO -D_DLIB_FILE_DESCRIPTOR -D__FPU_PRESENT=1U -c -I../../../../Source -I../../../../../../AWECore/Include -I../../../../Vendor/Drivers/STM32F4xx_HAL_Driver/Inc -I../../../../Vendor/Drivers/STM32F4xx_HAL_Driver/Inc/Legacy -I../../../../Vendor/Middlewares/ST/STM32_USB_Device_Library/Core/Inc -I../../../../Vendor/Middlewares/ST/STM32_USB_Device_Library/Class/AUDIO/Inc -I../../../../Vendor/Drivers/CMSIS/Include -I../../../../Vendor/Drivers/CMSIS/Device/ST/STM32F4xx/Include -I../../../../Vendor/Drivers/BSP -I../../../../Vendor/Include -I../../../../Vendor/Source -O3 -ffunction-sections -Wall -fstack-usage -fcyclomatic-complexity -MMD -MP -MF"Source/BoardSetup.d" -MT"Source/BoardSetup.o" --specs=nano.specs -mfpu=fpv4-sp-d16 -mfloat-abi=hard -mthumb -o "Source/BoardSetup.o"
arm-none-eabi-gcc "C:/MyProject/AWE_project/02.milestone/AWE_stm32f4_source/SampleApps/STM32F407/Source/GPIO.c" -mcpu=cortex-m4 -std=gnu11 -DENABLE_MIC -DUSE_HAL_DRIVER -DSTM32F407xx -DCORE_M4 -DDSPC_CORTEX_M -DARM_MATH_CM4 -DUSE_V4_FEATURES -DUSE_FLASH_FILE_SYSTEM -DHID_INTERFACE -DSTM32F4XX -DUSE_STM32F4XX_DISCOVERY -DUSE_DEFAULT_TIMEOUT_CALLBACK -DUSE_GPIO -D_DLIB_FILE_DESCRIPTOR -D__FPU_PRESENT=1U -c -I../../../../Source -I../../../../../../AWECore/Include -I../../../../Vendor/Drivers/STM32F4xx_HAL_Driver/Inc -I../../../../Vendor/Drivers/STM32F4xx_HAL_Driver/Inc/Legacy -I../../../../Vendor/Middlewares/ST/STM32_USB_Device_Library/Core/Inc -I../../../../Vendor/Middlewares/ST/STM32_USB_Device_Library/Class/AUDIO/Inc -I../../../../Vendor/Drivers/CMSIS/Include -I../../../../Vendor/Drivers/CMSIS/Device/ST/STM32F4xx/Include -I../../../../Vendor/Drivers/BSP -I../../../../Vendor/Include -I../../../../Vendor/Source -O3 -ffunction-sections -Wall -fstack-usage -fcyclomatic-complexity -MMD -MP -MF"Source/GPIO.d" -MT"Source/GPIO.o" --specs=nano.specs -mfpu=fpv4-sp-d16 -mfloat-abi=hard -mthumb -o "Source/GPIO.o"
arm-none-eabi-gcc "C:/MyProject/AWE_project/02.milestone/AWE_stm32f4_source/SampleApps/STM32F407/Source/Platform.c" -mcpu=cortex-m4 -std=gnu11 -DENABLE_MIC -DUSE_HAL_DRIVER -DSTM32F407xx -DCORE_M4 -DDSPC_CORTEX_M -DARM_MATH_CM4 -DUSE_V4_FEATURES -DUSE_FLASH_FILE_SYSTEM -DHID_INTERFACE -DSTM32F4XX -DUSE_STM32F4XX_DISCOVERY -DUSE_DEFAULT_TIMEOUT_CALLBACK -DUSE_GPIO -D_DLIB_FILE_DESCRIPTOR -D__FPU_PRESENT=1U -c -I../../../../Source -I../../../../../../AWECore/Include -I../../../../Vendor/Drivers/STM32F4xx_HAL_Driver/Inc -I../../../../Vendor/Drivers/STM32F4xx_HAL_Driver/Inc/Legacy -I../../../../Vendor/Middlewares/ST/STM32_USB_Device_Library/Core/Inc -I../../../../Vendor/Middlewares/ST/STM32_USB_Device_Library/Class/AUDIO/Inc -I../../../../Vendor/Drivers/CMSIS/Include -I../../../../Vendor/Drivers/CMSIS/Device/ST/STM32F4xx/Include -I../../../../Vendor/Drivers/BSP -I../../../../Vendor/Include -I../../../../Vendor/Source -O3 -ffunction-sections -Wall -fstack-usage -fcyclomatic-complexity -MMD -MP -MF"Source/Platform.d" -MT"Source/Platform.o" --specs=nano.specs -mfpu=fpv4-sp-d16 -mfloat-abi=hard -mthumb -o "Source/Platform.o"
arm-none-eabi-gcc "C:/MyProject/AWE_project/02.milestone/AWE_stm32f4_source/SampleApps/STM32F407/Source/TuningDriver.c" -mcpu=cortex-m4 -std=gnu11 -DENABLE_MIC -DUSE_HAL_DRIVER -DSTM32F407xx -DCORE_M4 -DDSPC_CORTEX_M -DARM_MATH_CM4 -DUSE_V4_FEATURES -DUSE_FLASH_FILE_SYSTEM -DHID_INTERFACE -DSTM32F4XX -DUSE_STM32F4XX_DISCOVERY -DUSE_DEFAULT_TIMEOUT_CALLBACK -DUSE_GPIO -D_DLIB_FILE_DESCRIPTOR -D__FPU_PRESENT=1U -c -I../../../../Source -I../../../../../../AWECore/Include -I../../../../Vendor/Drivers/STM32F4xx_HAL_Driver/Inc -I../../../../Vendor/Drivers/STM32F4xx_HAL_Driver/Inc/Legacy -I../../../../Vendor/Middlewares/ST/STM32_USB_Device_Library/Core/Inc -I../../../../Vendor/Middlewares/ST/STM32_USB_Device_Library/Class/AUDIO/Inc -I../../../../Vendor/Drivers/CMSIS/Include -I../../../../Vendor/Drivers/CMSIS/Device/ST/STM32F4xx/Include -I../../../../Vendor/Drivers/BSP -I../../../../Vendor/Include -I../../../../Vendor/Source -O3 -ffunction-sections -Wall -fstack-usage -fcyclomatic-complexity -MMD -MP -MF"Source/TuningDriver.d" -MT"Source/TuningDriver.o" --specs=nano.specs -mfpu=fpv4-sp-d16 -mfloat-abi=hard -mthumb -o "Source/TuningDriver.o"
arm-none-eabi-gcc "C:/MyProject/AWE_project/02.milestone/AWE_stm32f4_source/SampleApps/STM32F407/Source/USBDescriptors.c" -mcpu=cortex-m4 -std=gnu11 -DENABLE_MIC -DUSE_HAL_DRIVER -DSTM32F407xx -DCORE_M4 -DDSPC_CORTEX_M -DARM_MATH_CM4 -DUSE_V4_FEATURES -DUSE_FLASH_FILE_SYSTEM -DHID_INTERFACE -DSTM32F4XX -DUSE_STM32F4XX_DISCOVERY -DUSE_DEFAULT_TIMEOUT_CALLBACK -DUSE_GPIO -D_DLIB_FILE_DESCRIPTOR -D__FPU_PRESENT=1U -c -I../../../../Source -I../../../../../../AWECore/Include -I../../../../Vendor/Drivers/STM32F4xx_HAL_Driver/Inc -I../../../../Vendor/Drivers/STM32F4xx_HAL_Driver/Inc/Legacy -I../../../../Vendor/Middlewares/ST/STM32_USB_Device_Library/Core/Inc -I../../../../Vendor/Middlewares/ST/STM32_USB_Device_Library/Class/AUDIO/Inc -I../../../../Vendor/Drivers/CMSIS/Include -I../../../../Vendor/Drivers/CMSIS/Device/ST/STM32F4xx/Include -I../../../../Vendor/Drivers/BSP -I../../../../Vendor/Include -I../../../../Vendor/Source -O3 -ffunction-sections -Wall -fstack-usage -fcyclomatic-complexity -MMD -MP -MF"Source/USBDescriptors.d" -MT"Source/USBDescriptors.o" --specs=nano.specs -mfpu=fpv4-sp-d16 -mfloat-abi=hard -mthumb -o "Source/USBDescriptors.o"
arm-none-eabi-gcc "C:/MyProject/AWE_project/02.milestone/AWE_stm32f4_source/SampleApps/STM32F407/Source/main.c" -mcpu=cortex-m4 -std=gnu11 -DENABLE_MIC -DUSE_HAL_DRIVER -DSTM32F407xx -DCORE_M4 -DDSPC_CORTEX_M -DARM_MATH_CM4 -DUSE_V4_FEATURES -DUSE_FLASH_FILE_SYSTEM -DHID_INTERFACE -DSTM32F4XX -DUSE_STM32F4XX_DISCOVERY -DUSE_DEFAULT_TIMEOUT_CALLBACK -DUSE_GPIO -D_DLIB_FILE_DESCRIPTOR -D__FPU_PRESENT=1U -c -I../../../../Source -I../../../../../../AWECore/Include -I../../../../Vendor/Drivers/STM32F4xx_HAL_Driver/Inc -I../../../../Vendor/Drivers/STM32F4xx_HAL_Driver/Inc/Legacy -I../../../../Vendor/Middlewares/ST/STM32_USB_Device_Library/Core/Inc -I../../../../Vendor/Middlewares/ST/STM32_USB_Device_Library/Class/AUDIO/Inc -I../../../../Vendor/Drivers/CMSIS/Include -I../../../../Vendor/Drivers/CMSIS/Device/ST/STM32F4xx/Include -I../../../../Vendor/Drivers/BSP -I../../../../Vendor/Include -I../../../../Vendor/Source -O3 -ffunction-sections -Wall -fstack-usage -fcyclomatic-complexity -MMD -MP -MF"Source/main.d" -MT"Source/main.o" --specs=nano.specs -mfpu=fpv4-sp-d16 -mfloat-abi=hard -mthumb -o "Source/main.o"
arm-none-eabi-gcc "C:/MyProject/AWE_project/02.milestone/AWE_stm32f4_source/SampleApps/STM32F407/Vendor/Source/usb_device.c" -mcpu=cortex-m4 -std=gnu11 -DENABLE_MIC -DUSE_HAL_DRIVER -DSTM32F407xx -DCORE_M4 -DDSPC_CORTEX_M -DARM_MATH_CM4 -DUSE_V4_FEATURES -DUSE_FLASH_FILE_SYSTEM -DHID_INTERFACE -DSTM32F4XX -DUSE_STM32F4XX_DISCOVERY -DUSE_DEFAULT_TIMEOUT_CALLBACK -DUSE_GPIO -D_DLIB_FILE_DESCRIPTOR -D__FPU_PRESENT=1U -c -I../../../../Source -I../../../../../../AWECore/Include -I../../../../Vendor/Drivers/STM32F4xx_HAL_Driver/Inc -I../../../../Vendor/Drivers/STM32F4xx_HAL_Driver/Inc/Legacy -I../../../../Vendor/Middlewares/ST/STM32_USB_Device_Library/Core/Inc -I../../../../Vendor/Middlewares/ST/STM32_USB_Device_Library/Class/AUDIO/Inc -I../../../../Vendor/Drivers/CMSIS/Include -I../../../../Vendor/Drivers/CMSIS/Device/ST/STM32F4xx/Include -I../../../../Vendor/Drivers/BSP -I../../../../Vendor/Include -I../../../../Vendor/Source -O3 -ffunction-sections -Wall -fstack-usage -fcyclomatic-complexity -MMD -MP -MF"STM32_USB_Device_Library/usb_device.d" -MT"STM32_USB_Device_Library/usb_device.o" --specs=nano.specs -mfpu=fpv4-sp-d16 -mfloat-abi=hard -mthumb -o "STM32_USB_Device_Library/usb_device.o"
arm-none-eabi-gcc "C:/MyProject/AWE_project/02.milestone/AWE_stm32f4_source/SampleApps/STM32F407/Vendor/Source/usbd_audio.c" -mcpu=cortex-m4 -std=gnu11 -DENABLE_MIC -DUSE_HAL_DRIVER -DSTM32F407xx -DCORE_M4 -DDSPC_CORTEX_M -DARM_MATH_CM4 -DUSE_V4_FEATURES -DUSE_FLASH_FILE_SYSTEM -DHID_INTERFACE -DSTM32F4XX -DUSE_STM32F4XX_DISCOVERY -DUSE_DEFAULT_TIMEOUT_CALLBACK -DUSE_GPIO -D_DLIB_FILE_DESCRIPTOR -D__FPU_PRESENT=1U -c -I../../../../Source -I../../../../../../AWECore/Include -I../../../../Vendor/Drivers/STM32F4xx_HAL_Driver/Inc -I../../../../Vendor/Drivers/STM32F4xx_HAL_Driver/Inc/Legacy -I../../../../Vendor/Middlewares/ST/STM32_USB_Device_Library/Core/Inc -I../../../../Vendor/Middlewares/ST/STM32_USB_Device_Library/Class/AUDIO/Inc -I../../../../Vendor/Drivers/CMSIS/Include -I../../../../Vendor/Drivers/CMSIS/Device/ST/STM32F4xx/Include -I../../../../Vendor/Drivers/BSP -I../../../../Vendor/Include -I../../../../Vendor/Source -O3 -ffunction-sections -Wall -fstack-usage -fcyclomatic-complexity -MMD -MP -MF"STM32_USB_Device_Library/usbd_audio.d" -MT"STM32_USB_Device_Library/usbd_audio.o" --specs=nano.specs -mfpu=fpv4-sp-d16 -mfloat-abi=hard -mthumb -o "STM32_USB_Device_Library/usbd_audio.o"
arm-none-eabi-gcc "C:/MyProject/AWE_project/02.milestone/AWE_stm32f4_source/SampleApps/STM32F407/Vendor/Source/usbd_audio_if.c" -mcpu=cortex-m4 -std=gnu11 -DENABLE_MIC -DUSE_HAL_DRIVER -DSTM32F407xx -DCORE_M4 -DDSPC_CORTEX_M -DARM_MATH_CM4 -DUSE_V4_FEATURES -DUSE_FLASH_FILE_SYSTEM -DHID_INTERFACE -DSTM32F4XX -DUSE_STM32F4XX_DISCOVERY -DUSE_DEFAULT_TIMEOUT_CALLBACK -DUSE_GPIO -D_DLIB_FILE_DESCRIPTOR -D__FPU_PRESENT=1U -c -I../../../../Source -I../../../../../../AWECore/Include -I../../../../Vendor/Drivers/STM32F4xx_HAL_Driver/Inc -I../../../../Vendor/Drivers/STM32F4xx_HAL_Driver/Inc/Legacy -I../../../../Vendor/Middlewares/ST/STM32_USB_Device_Library/Core/Inc -I../../../../Vendor/Middlewares/ST/STM32_USB_Device_Library/Class/AUDIO/Inc -I../../../../Vendor/Drivers/CMSIS/Include -I../../../../Vendor/Drivers/CMSIS/Device/ST/STM32F4xx/Include -I../../../../Vendor/Drivers/BSP -I../../../../Vendor/Include -I../../../../Vendor/Source -O3 -ffunction-sections -Wall -fstack-usage -fcyclomatic-complexity -MMD -MP -MF"STM32_USB_Device_Library/usbd_audio_if.d" -MT"STM32_USB_Device_Library/usbd_audio_if.o" --specs=nano.specs -mfpu=fpv4-sp-d16 -mfloat-abi=hard -mthumb -o "STM32_USB_Device_Library/usbd_audio_if.o"
arm-none-eabi-gcc "C:/MyProject/AWE_project/02.milestone/AWE_stm32f4_source/SampleApps/STM32F407/Vendor/Source/usbd_conf.c" -mcpu=cortex-m4 -std=gnu11 -DENABLE_MIC -DUSE_HAL_DRIVER -DSTM32F407xx -DCORE_M4 -DDSPC_CORTEX_M -DARM_MATH_CM4 -DUSE_V4_FEATURES -DUSE_FLASH_FILE_SYSTEM -DHID_INTERFACE -DSTM32F4XX -DUSE_STM32F4XX_DISCOVERY -DUSE_DEFAULT_TIMEOUT_CALLBACK -DUSE_GPIO -D_DLIB_FILE_DESCRIPTOR -D__FPU_PRESENT=1U -c -I../../../../Source -I../../../../../../AWECore/Include -I../../../../Vendor/Drivers/STM32F4xx_HAL_Driver/Inc -I../../../../Vendor/Drivers/STM32F4xx_HAL_Driver/Inc/Legacy -I../../../../Vendor/Middlewares/ST/STM32_USB_Device_Library/Core/Inc -I../../../../Vendor/Middlewares/ST/STM32_USB_Device_Library/Class/AUDIO/Inc -I../../../../Vendor/Drivers/CMSIS/Include -I../../../../Vendor/Drivers/CMSIS/Device/ST/STM32F4xx/Include -I../../../../Vendor/Drivers/BSP -I../../../../Vendor/Include -I../../../../Vendor/Source -O3 -ffunction-sections -Wall -fstack-usage -fcyclomatic-complexity -MMD -MP -MF"STM32_USB_Device_Library/usbd_conf.d" -MT"STM32_USB_Device_Library/usbd_conf.o" --specs=nano.specs -mfpu=fpv4-sp-d16 -mfloat-abi=hard -mthumb -o "STM32_USB_Device_Library/usbd_conf.o"
arm-none-eabi-gcc "C:/MyProject/AWE_project/02.milestone/AWE_stm32f4_source/SampleApps/STM32F407/Vendor/Middlewares/ST/STM32_USB_Device_Library/Core/Src/usbd_core.c" -mcpu=cortex-m4 -std=gnu11 -DENABLE_MIC -DUSE_HAL_DRIVER -DSTM32F407xx -DCORE_M4 -DDSPC_CORTEX_M -DARM_MATH_CM4 -DUSE_V4_FEATURES -DUSE_FLASH_FILE_SYSTEM -DHID_INTERFACE -DSTM32F4XX -DUSE_STM32F4XX_DISCOVERY -DUSE_DEFAULT_TIMEOUT_CALLBACK -DUSE_GPIO -D_DLIB_FILE_DESCRIPTOR -D__FPU_PRESENT=1U -c -I../../../../Source -I../../../../../../AWECore/Include -I../../../../Vendor/Drivers/STM32F4xx_HAL_Driver/Inc -I../../../../Vendor/Drivers/STM32F4xx_HAL_Driver/Inc/Legacy -I../../../../Vendor/Middlewares/ST/STM32_USB_Device_Library/Core/Inc -I../../../../Vendor/Middlewares/ST/STM32_USB_Device_Library/Class/AUDIO/Inc -I../../../../Vendor/Drivers/CMSIS/Include -I../../../../Vendor/Drivers/CMSIS/Device/ST/STM32F4xx/Include -I../../../../Vendor/Drivers/BSP -I../../../../Vendor/Include -I../../../../Vendor/Source -O3 -ffunction-sections -Wall -fstack-usage -fcyclomatic-complexity -MMD -MP -MF"STM32_USB_Device_Library/usbd_core.d" -MT"STM32_USB_Device_Library/usbd_core.o" --specs=nano.specs -mfpu=fpv4-sp-d16 -mfloat-abi=hard -mthumb -o "STM32_USB_Device_Library/usbd_core.o"
arm-none-eabi-gcc "C:/MyProject/AWE_project/02.milestone/AWE_stm32f4_source/SampleApps/STM32F407/Vendor/Middlewares/ST/STM32_USB_Device_Library/Core/Src/usbd_ctlreq.c" -mcpu=cortex-m4 -std=gnu11 -DENABLE_MIC -DUSE_HAL_DRIVER -DSTM32F407xx -DCORE_M4 -DDSPC_CORTEX_M -DARM_MATH_CM4 -DUSE_V4_FEATURES -DUSE_FLASH_FILE_SYSTEM -DHID_INTERFACE -DSTM32F4XX -DUSE_STM32F4XX_DISCOVERY -DUSE_DEFAULT_TIMEOUT_CALLBACK -DUSE_GPIO -D_DLIB_FILE_DESCRIPTOR -D__FPU_PRESENT=1U -c -I../../../../Source -I../../../../../../AWECore/Include -I../../../../Vendor/Drivers/STM32F4xx_HAL_Driver/Inc -I../../../../Vendor/Drivers/STM32F4xx_HAL_Driver/Inc/Legacy -I../../../../Vendor/Middlewares/ST/STM32_USB_Device_Library/Core/Inc -I../../../../Vendor/Middlewares/ST/STM32_USB_Device_Library/Class/AUDIO/Inc -I../../../../Vendor/Drivers/CMSIS/Include -I../../../../Vendor/Drivers/CMSIS/Device/ST/STM32F4xx/Include -I../../../../Vendor/Drivers/BSP -I../../../../Vendor/Include -I../../../../Vendor/Source -O3 -ffunction-sections -Wall -fstack-usage -fcyclomatic-complexity -MMD -MP -MF"STM32_USB_Device_Library/usbd_ctlreq.d" -MT"STM32_USB_Device_Library/usbd_ctlreq.o" --specs=nano.specs -mfpu=fpv4-sp-d16 -mfloat-abi=hard -mthumb -o "STM32_USB_Device_Library/usbd_ctlreq.o"
arm-none-eabi-gcc "C:/MyProject/AWE_project/02.milestone/AWE_stm32f4_source/SampleApps/STM32F407/Vendor/Source/usbd_desc.c" -mcpu=cortex-m4 -std=gnu11 -DENABLE_MIC -DUSE_HAL_DRIVER -DSTM32F407xx -DCORE_M4 -DDSPC_CORTEX_M -DARM_MATH_CM4 -DUSE_V4_FEATURES -DUSE_FLASH_FILE_SYSTEM -DHID_INTERFACE -DSTM32F4XX -DUSE_STM32F4XX_DISCOVERY -DUSE_DEFAULT_TIMEOUT_CALLBACK -DUSE_GPIO -D_DLIB_FILE_DESCRIPTOR -D__FPU_PRESENT=1U -c -I../../../../Source -I../../../../../../AWECore/Include -I../../../../Vendor/Drivers/STM32F4xx_HAL_Driver/Inc -I../../../../Vendor/Drivers/STM32F4xx_HAL_Driver/Inc/Legacy -I../../../../Vendor/Middlewares/ST/STM32_USB_Device_Library/Core/Inc -I../../../../Vendor/Middlewares/ST/STM32_USB_Device_Library/Class/AUDIO/Inc -I../../../../Vendor/Drivers/CMSIS/Include -I../../../../Vendor/Drivers/CMSIS/Device/ST/STM32F4xx/Include -I../../../../Vendor/Drivers/BSP -I../../../../Vendor/Include -I../../../../Vendor/Source -O3 -ffunction-sections -Wall -fstack-usage -fcyclomatic-complexity -MMD -MP -MF"STM32_USB_Device_Library/usbd_desc.d" -MT"STM32_USB_Device_Library/usbd_desc.o" --specs=nano.specs -mfpu=fpv4-sp-d16 -mfloat-abi=hard -mthumb -o "STM32_USB_Device_Library/usbd_desc.o"
arm-none-eabi-gcc "C:/MyProject/AWE_project/02.milestone/AWE_stm32f4_source/SampleApps/STM32F407/Vendor/Middlewares/ST/STM32_USB_Device_Library/Core/Src/usbd_ioreq.c" -mcpu=cortex-m4 -std=gnu11 -DENABLE_MIC -DUSE_HAL_DRIVER -DSTM32F407xx -DCORE_M4 -DDSPC_CORTEX_M -DARM_MATH_CM4 -DUSE_V4_FEATURES -DUSE_FLASH_FILE_SYSTEM -DHID_INTERFACE -DSTM32F4XX -DUSE_STM32F4XX_DISCOVERY -DUSE_DEFAULT_TIMEOUT_CALLBACK -DUSE_GPIO -D_DLIB_FILE_DESCRIPTOR -D__FPU_PRESENT=1U -c -I../../../../Source -I../../../../../../AWECore/Include -I../../../../Vendor/Drivers/STM32F4xx_HAL_Driver/Inc -I../../../../Vendor/Drivers/STM32F4xx_HAL_Driver/Inc/Legacy -I../../../../Vendor/Middlewares/ST/STM32_USB_Device_Library/Core/Inc -I../../../../Vendor/Middlewares/ST/STM32_USB_Device_Library/Class/AUDIO/Inc -I../../../../Vendor/Drivers/CMSIS/Include -I../../../../Vendor/Drivers/CMSIS/Device/ST/STM32F4xx/Include -I../../../../Vendor/Drivers/BSP -I../../../../Vendor/Include -I../../../../Vendor/Source -O3 -ffunction-sections -Wall -fstack-usage -fcyclomatic-complexity -MMD -MP -MF"STM32_USB_Device_Library/usbd_ioreq.d" -MT"STM32_USB_Device_Library/usbd_ioreq.o" --specs=nano.specs -mfpu=fpv4-sp-d16 -mfloat-abi=hard -mthumb -o "STM32_USB_Device_Library/usbd_ioreq.o"
arm-none-eabi-gcc "C:/MyProject/AWE_project/02.milestone/AWE_stm32f4_source/SampleApps/STM32F407/Vendor/Drivers/STM32F4xx_HAL_Driver/Src/stm32f4xx_hal.c" -mcpu=cortex-m4 -std=gnu11 -DENABLE_MIC -DUSE_HAL_DRIVER -DSTM32F407xx -DCORE_M4 -DDSPC_CORTEX_M -DARM_MATH_CM4 -DUSE_V4_FEATURES -DUSE_FLASH_FILE_SYSTEM -DHID_INTERFACE -DSTM32F4XX -DUSE_STM32F4XX_DISCOVERY -DUSE_DEFAULT_TIMEOUT_CALLBACK -DUSE_GPIO -D_DLIB_FILE_DESCRIPTOR -D__FPU_PRESENT=1U -c -I../../../../Source -I../../../../../../AWECore/Include -I../../../../Vendor/Drivers/STM32F4xx_HAL_Driver/Inc -I../../../../Vendor/Drivers/STM32F4xx_HAL_Driver/Inc/Legacy -I../../../../Vendor/Middlewares/ST/STM32_USB_Device_Library/Core/Inc -I../../../../Vendor/Middlewares/ST/STM32_USB_Device_Library/Class/AUDIO/Inc -I../../../../Vendor/Drivers/CMSIS/Include -I../../../../Vendor/Drivers/CMSIS/Device/ST/STM32F4xx/Include -I../../../../Vendor/Drivers/BSP -I../../../../Vendor/Include -I../../../../Vendor/Source -O3 -ffunction-sections -Wall -fstack-usage -fcyclomatic-complexity -MMD -MP -MF"STM32F4xx_HAL_Driver/Src/stm32f4xx_hal.d" -MT"STM32F4xx_HAL_Driver/Src/stm32f4xx_hal.o" --specs=nano.specs -mfpu=fpv4-sp-d16 -mfloat-abi=hard -mthumb -o "STM32F4xx_HAL_Driver/Src/stm32f4xx_hal.o"
arm-none-eabi-gcc "C:/MyProject/AWE_project/02.milestone/AWE_stm32f4_source/SampleApps/STM32F407/Vendor/Drivers/STM32F4xx_HAL_Driver/Src/stm32f4xx_hal_cortex.c" -mcpu=cortex-m4 -std=gnu11 -DENABLE_MIC -DUSE_HAL_DRIVER -DSTM32F407xx -DCORE_M4 -DDSPC_CORTEX_M -DARM_MATH_CM4 -DUSE_V4_FEATURES -DUSE_FLASH_FILE_SYSTEM -DHID_INTERFACE -DSTM32F4XX -DUSE_STM32F4XX_DISCOVERY -DUSE_DEFAULT_TIMEOUT_CALLBACK -DUSE_GPIO -D_DLIB_FILE_DESCRIPTOR -D__FPU_PRESENT=1U -c -I../../../../Source -I../../../../../../AWECore/Include -I../../../../Vendor/Drivers/STM32F4xx_HAL_Driver/Inc -I../../../../Vendor/Drivers/STM32F4xx_HAL_Driver/Inc/Legacy -I../../../../Vendor/Middlewares/ST/STM32_USB_Device_Library/Core/Inc -I../../../../Vendor/Middlewares/ST/STM32_USB_Device_Library/Class/AUDIO/Inc -I../../../../Vendor/Drivers/CMSIS/Include -I../../../../Vendor/Drivers/CMSIS/Device/ST/STM32F4xx/Include -I../../../../Vendor/Drivers/BSP -I../../../../Vendor/Include -I../../../../Vendor/Source -O3 -ffunction-sections -Wall -fstack-usage -fcyclomatic-complexity -MMD -MP -MF"STM32F4xx_HAL_Driver/Src/stm32f4xx_hal_cortex.d" -MT"STM32F4xx_HAL_Driver/Src/stm32f4xx_hal_cortex.o" --specs=nano.specs -mfpu=fpv4-sp-d16 -mfloat-abi=hard -mthumb -o "STM32F4xx_HAL_Driver/Src/stm32f4xx_hal_cortex.o"
arm-none-eabi-gcc "C:/MyProject/AWE_project/02.milestone/AWE_stm32f4_source/SampleApps/STM32F407/Vendor/Drivers/STM32F4xx_HAL_Driver/Src/stm32f4xx_hal_dma.c" -mcpu=cortex-m4 -std=gnu11 -DENABLE_MIC -DUSE_HAL_DRIVER -DSTM32F407xx -DCORE_M4 -DDSPC_CORTEX_M -DARM_MATH_CM4 -DUSE_V4_FEATURES -DUSE_FLASH_FILE_SYSTEM -DHID_INTERFACE -DSTM32F4XX -DUSE_STM32F4XX_DISCOVERY -DUSE_DEFAULT_TIMEOUT_CALLBACK -DUSE_GPIO -D_DLIB_FILE_DESCRIPTOR -D__FPU_PRESENT=1U -c -I../../../../Source -I../../../../../../AWECore/Include -I../../../../Vendor/Drivers/STM32F4xx_HAL_Driver/Inc -I../../../../Vendor/Drivers/STM32F4xx_HAL_Driver/Inc/Legacy -I../../../../Vendor/Middlewares/ST/STM32_USB_Device_Library/Core/Inc -I../../../../Vendor/Middlewares/ST/STM32_USB_Device_Library/Class/AUDIO/Inc -I../../../../Vendor/Drivers/CMSIS/Include -I../../../../Vendor/Drivers/CMSIS/Device/ST/STM32F4xx/Include -I../../../../Vendor/Drivers/BSP -I../../../../Vendor/Include -I../../../../Vendor/Source -O3 -ffunction-sections -Wall -fstack-usage -fcyclomatic-complexity -MMD -MP -MF"STM32F4xx_HAL_Driver/Src/stm32f4xx_hal_dma.d" -MT"STM32F4xx_HAL_Driver/Src/stm32f4xx_hal_dma.o" --specs=nano.specs -mfpu=fpv4-sp-d16 -mfloat-abi=hard -mthumb -o "STM32F4xx_HAL_Driver/Src/stm32f4xx_hal_dma.o"
arm-none-eabi-gcc "C:/MyProject/AWE_project/02.milestone/AWE_stm32f4_source/SampleApps/STM32F407/Vendor/Drivers/STM32F4xx_HAL_Driver/Src/stm32f4xx_hal_dma2d.c" -mcpu=cortex-m4 -std=gnu11 -DENABLE_MIC -DUSE_HAL_DRIVER -DSTM32F407xx -DCORE_M4 -DDSPC_CORTEX_M -DARM_MATH_CM4 -DUSE_V4_FEATURES -DUSE_FLASH_FILE_SYSTEM -DHID_INTERFACE -DSTM32F4XX -DUSE_STM32F4XX_DISCOVERY -DUSE_DEFAULT_TIMEOUT_CALLBACK -DUSE_GPIO -D_DLIB_FILE_DESCRIPTOR -D__FPU_PRESENT=1U -c -I../../../../Source -I../../../../../../AWECore/Include -I../../../../Vendor/Drivers/STM32F4xx_HAL_Driver/Inc -I../../../../Vendor/Drivers/STM32F4xx_HAL_Driver/Inc/Legacy -I../../../../Vendor/Middlewares/ST/STM32_USB_Device_Library/Core/Inc -I../../../../Vendor/Middlewares/ST/STM32_USB_Device_Library/Class/AUDIO/Inc -I../../../../Vendor/Drivers/CMSIS/Include -I../../../../Vendor/Drivers/CMSIS/Device/ST/STM32F4xx/Include -I../../../../Vendor/Drivers/BSP -I../../../../Vendor/Include -I../../../../Vendor/Source -O3 -ffunction-sections -Wall -fstack-usage -fcyclomatic-complexity -MMD -MP -MF"STM32F4xx_HAL_Driver/Src/stm32f4xx_hal_dma2d.d" -MT"STM32F4xx_HAL_Driver/Src/stm32f4xx_hal_dma2d.o" --specs=nano.specs -mfpu=fpv4-sp-d16 -mfloat-abi=hard -mthumb -o "STM32F4xx_HAL_Driver/Src/stm32f4xx_hal_dma2d.o"
arm-none-eabi-gcc "C:/MyProject/AWE_project/02.milestone/AWE_stm32f4_source/SampleApps/STM32F407/Vendor/Drivers/STM32F4xx_HAL_Driver/Src/stm32f4xx_hal_dma_ex.c" -mcpu=cortex-m4 -std=gnu11 -DENABLE_MIC -DUSE_HAL_DRIVER -DSTM32F407xx -DCORE_M4 -DDSPC_CORTEX_M -DARM_MATH_CM4 -DUSE_V4_FEATURES -DUSE_FLASH_FILE_SYSTEM -DHID_INTERFACE -DSTM32F4XX -DUSE_STM32F4XX_DISCOVERY -DUSE_DEFAULT_TIMEOUT_CALLBACK -DUSE_GPIO -D_DLIB_FILE_DESCRIPTOR -D__FPU_PRESENT=1U -c -I../../../../Source -I../../../../../../AWECore/Include -I../../../../Vendor/Drivers/STM32F4xx_HAL_Driver/Inc -I../../../../Vendor/Drivers/STM32F4xx_HAL_Driver/Inc/Legacy -I../../../../Vendor/Middlewares/ST/STM32_USB_Device_Library/Core/Inc -I../../../../Vendor/Middlewares/ST/STM32_USB_Device_Library/Class/AUDIO/Inc -I../../../../Vendor/Drivers/CMSIS/Include -I../../../../Vendor/Drivers/CMSIS/Device/ST/STM32F4xx/Include -I../../../../Vendor/Drivers/BSP -I../../../../Vendor/Include -I../../../../Vendor/Source -O3 -ffunction-sections -Wall -fstack-usage -fcyclomatic-complexity -MMD -MP -MF"STM32F4xx_HAL_Driver/Src/stm32f4xx_hal_dma_ex.d" -MT"STM32F4xx_HAL_Driver/Src/stm32f4xx_hal_dma_ex.o" --specs=nano.specs -mfpu=fpv4-sp-d16 -mfloat-abi=hard -mthumb -o "STM32F4xx_HAL_Driver/Src/stm32f4xx_hal_dma_ex.o"
arm-none-eabi-gcc "C:/MyProject/AWE_project/02.milestone/AWE_stm32f4_source/SampleApps/STM32F407/Vendor/Drivers/STM32F4xx_HAL_Driver/Src/stm32f4xx_hal_flash.c" -mcpu=cortex-m4 -std=gnu11 -DENABLE_MIC -DUSE_HAL_DRIVER -DSTM32F407xx -DCORE_M4 -DDSPC_CORTEX_M -DARM_MATH_CM4 -DUSE_V4_FEATURES -DUSE_FLASH_FILE_SYSTEM -DHID_INTERFACE -DSTM32F4XX -DUSE_STM32F4XX_DISCOVERY -DUSE_DEFAULT_TIMEOUT_CALLBACK -DUSE_GPIO -D_DLIB_FILE_DESCRIPTOR -D__FPU_PRESENT=1U -c -I../../../../Source -I../../../../../../AWECore/Include -I../../../../Vendor/Drivers/STM32F4xx_HAL_Driver/Inc -I../../../../Vendor/Drivers/STM32F4xx_HAL_Driver/Inc/Legacy -I../../../../Vendor/Middlewares/ST/STM32_USB_Device_Library/Core/Inc -I../../../../Vendor/Middlewares/ST/STM32_USB_Device_Library/Class/AUDIO/Inc -I../../../../Vendor/Drivers/CMSIS/Include -I../../../../Vendor/Drivers/CMSIS/Device/ST/STM32F4xx/Include -I../../../../Vendor/Drivers/BSP -I../../../../Vendor/Include -I../../../../Vendor/Source -O3 -ffunction-sections -Wall -fstack-usage -fcyclomatic-complexity -MMD -MP -MF"STM32F4xx_HAL_Driver/Src/stm32f4xx_hal_flash.d" -MT"STM32F4xx_HAL_Driver/Src/stm32f4xx_hal_flash.o" --specs=nano.specs -mfpu=fpv4-sp-d16 -mfloat-abi=hard -mthumb -o "STM32F4xx_HAL_Driver/Src/stm32f4xx_hal_flash.o"
arm-none-eabi-gcc "C:/MyProject/AWE_project/02.milestone/AWE_stm32f4_source/SampleApps/STM32F407/Vendor/Drivers/STM32F4xx_HAL_Driver/Src/stm32f4xx_hal_flash_ex.c" -mcpu=cortex-m4 -std=gnu11 -DENABLE_MIC -DUSE_HAL_DRIVER -DSTM32F407xx -DCORE_M4 -DDSPC_CORTEX_M -DARM_MATH_CM4 -DUSE_V4_FEATURES -DUSE_FLASH_FILE_SYSTEM -DHID_INTERFACE -DSTM32F4XX -DUSE_STM32F4XX_DISCOVERY -DUSE_DEFAULT_TIMEOUT_CALLBACK -DUSE_GPIO -D_DLIB_FILE_DESCRIPTOR -D__FPU_PRESENT=1U -c -I../../../../Source -I../../../../../../AWECore/Include -I../../../../Vendor/Drivers/STM32F4xx_HAL_Driver/Inc -I../../../../Vendor/Drivers/STM32F4xx_HAL_Driver/Inc/Legacy -I../../../../Vendor/Middlewares/ST/STM32_USB_Device_Library/Core/Inc -I../../../../Vendor/Middlewares/ST/STM32_USB_Device_Library/Class/AUDIO/Inc -I../../../../Vendor/Drivers/CMSIS/Include -I../../../../Vendor/Drivers/CMSIS/Device/ST/STM32F4xx/Include -I../../../../Vendor/Drivers/BSP -I../../../../Vendor/Include -I../../../../Vendor/Source -O3 -ffunction-sections -Wall -fstack-usage -fcyclomatic-complexity -MMD -MP -MF"STM32F4xx_HAL_Driver/Src/stm32f4xx_hal_flash_ex.d" -MT"STM32F4xx_HAL_Driver/Src/stm32f4xx_hal_flash_ex.o" --specs=nano.specs -mfpu=fpv4-sp-d16 -mfloat-abi=hard -mthumb -o "STM32F4xx_HAL_Driver/Src/stm32f4xx_hal_flash_ex.o"
arm-none-eabi-gcc "C:/MyProject/AWE_project/02.milestone/AWE_stm32f4_source/SampleApps/STM32F407/Vendor/Drivers/STM32F4xx_HAL_Driver/Src/stm32f4xx_hal_flash_ramfunc.c" -mcpu=cortex-m4 -std=gnu11 -DENABLE_MIC -DUSE_HAL_DRIVER -DSTM32F407xx -DCORE_M4 -DDSPC_CORTEX_M -DARM_MATH_CM4 -DUSE_V4_FEATURES -DUSE_FLASH_FILE_SYSTEM -DHID_INTERFACE -DSTM32F4XX -DUSE_STM32F4XX_DISCOVERY -DUSE_DEFAULT_TIMEOUT_CALLBACK -DUSE_GPIO -D_DLIB_FILE_DESCRIPTOR -D__FPU_PRESENT=1U -c -I../../../../Source -I../../../../../../AWECore/Include -I../../../../Vendor/Drivers/STM32F4xx_HAL_Driver/Inc -I../../../../Vendor/Drivers/STM32F4xx_HAL_Driver/Inc/Legacy -I../../../../Vendor/Middlewares/ST/STM32_USB_Device_Library/Core/Inc -I../../../../Vendor/Middlewares/ST/STM32_USB_Device_Library/Class/AUDIO/Inc -I../../../../Vendor/Drivers/CMSIS/Include -I../../../../Vendor/Drivers/CMSIS/Device/ST/STM32F4xx/Include -I../../../../Vendor/Drivers/BSP -I../../../../Vendor/Include -I../../../../Vendor/Source -O3 -ffunction-sections -Wall -fstack-usage -fcyclomatic-complexity -MMD -MP -MF"STM32F4xx_HAL_Driver/Src/stm32f4xx_hal_flash_ramfunc.d" -MT"STM32F4xx_HAL_Driver/Src/stm32f4xx_hal_flash_ramfunc.o" --specs=nano.specs -mfpu=fpv4-sp-d16 -mfloat-abi=hard -mthumb -o "STM32F4xx_HAL_Driver/Src/stm32f4xx_hal_flash_ramfunc.o"
arm-none-eabi-gcc "C:/MyProject/AWE_project/02.milestone/AWE_stm32f4_source/SampleApps/STM32F407/Vendor/Drivers/STM32F4xx_HAL_Driver/Src/stm32f4xx_hal_gpio.c" -mcpu=cortex-m4 -std=gnu11 -DENABLE_MIC -DUSE_HAL_DRIVER -DSTM32F407xx -DCORE_M4 -DDSPC_CORTEX_M -DARM_MATH_CM4 -DUSE_V4_FEATURES -DUSE_FLASH_FILE_SYSTEM -DHID_INTERFACE -DSTM32F4XX -DUSE_STM32F4XX_DISCOVERY -DUSE_DEFAULT_TIMEOUT_CALLBACK -DUSE_GPIO -D_DLIB_FILE_DESCRIPTOR -D__FPU_PRESENT=1U -c -I../../../../Source -I../../../../../../AWECore/Include -I../../../../Vendor/Drivers/STM32F4xx_HAL_Driver/Inc -I../../../../Vendor/Drivers/STM32F4xx_HAL_Driver/Inc/Legacy -I../../../../Vendor/Middlewares/ST/STM32_USB_Device_Library/Core/Inc -I../../../../Vendor/Middlewares/ST/STM32_USB_Device_Library/Class/AUDIO/Inc -I../../../../Vendor/Drivers/CMSIS/Include -I../../../../Vendor/Drivers/CMSIS/Device/ST/STM32F4xx/Include -I../../../../Vendor/Drivers/BSP -I../../../../Vendor/Include -I../../../../Vendor/Source -O3 -ffunction-sections -Wall -fstack-usage -fcyclomatic-complexity -MMD -MP -MF"STM32F4xx_HAL_Driver/Src/stm32f4xx_hal_gpio.d" -MT"STM32F4xx_HAL_Driver/Src/stm32f4xx_hal_gpio.o" --specs=nano.specs -mfpu=fpv4-sp-d16 -mfloat-abi=hard -mthumb -o "STM32F4xx_HAL_Driver/Src/stm32f4xx_hal_gpio.o"
arm-none-eabi-gcc "C:/MyProject/AWE_project/02.milestone/AWE_stm32f4_source/SampleApps/STM32F407/Vendor/Drivers/STM32F4xx_HAL_Driver/Src/stm32f4xx_hal_i2c.c" -mcpu=cortex-m4 -std=gnu11 -DENABLE_MIC -DUSE_HAL_DRIVER -DSTM32F407xx -DCORE_M4 -DDSPC_CORTEX_M -DARM_MATH_CM4 -DUSE_V4_FEATURES -DUSE_FLASH_FILE_SYSTEM -DHID_INTERFACE -DSTM32F4XX -DUSE_STM32F4XX_DISCOVERY -DUSE_DEFAULT_TIMEOUT_CALLBACK -DUSE_GPIO -D_DLIB_FILE_DESCRIPTOR -D__FPU_PRESENT=1U -c -I../../../../Source -I../../../../../../AWECore/Include -I../../../../Vendor/Drivers/STM32F4xx_HAL_Driver/Inc -I../../../../Vendor/Drivers/STM32F4xx_HAL_Driver/Inc/Legacy -I../../../../Vendor/Middlewares/ST/STM32_USB_Device_Library/Core/Inc -I../../../../Vendor/Middlewares/ST/STM32_USB_Device_Library/Class/AUDIO/Inc -I../../../../Vendor/Drivers/CMSIS/Include -I../../../../Vendor/Drivers/CMSIS/Device/ST/STM32F4xx/Include -I../../../../Vendor/Drivers/BSP -I../../../../Vendor/Include -I../../../../Vendor/Source -O3 -ffunction-sections -Wall -fstack-usage -fcyclomatic-complexity -MMD -MP -MF"STM32F4xx_HAL_Driver/Src/stm32f4xx_hal_i2c.d" -MT"STM32F4xx_HAL_Driver/Src/stm32f4xx_hal_i2c.o" --specs=nano.specs -mfpu=fpv4-sp-d16 -mfloat-abi=hard -mthumb -o "STM32F4xx_HAL_Driver/Src/stm32f4xx_hal_i2c.o"
arm-none-eabi-gcc "C:/MyProject/AWE_project/02.milestone/AWE_stm32f4_source/SampleApps/STM32F407/Vendor/Drivers/STM32F4xx_HAL_Driver/Src/stm32f4xx_hal_i2c_ex.c" -mcpu=cortex-m4 -std=gnu11 -DENABLE_MIC -DUSE_HAL_DRIVER -DSTM32F407xx -DCORE_M4 -DDSPC_CORTEX_M -DARM_MATH_CM4 -DUSE_V4_FEATURES -DUSE_FLASH_FILE_SYSTEM -DHID_INTERFACE -DSTM32F4XX -DUSE_STM32F4XX_DISCOVERY -DUSE_DEFAULT_TIMEOUT_CALLBACK -DUSE_GPIO -D_DLIB_FILE_DESCRIPTOR -D__FPU_PRESENT=1U -c -I../../../../Source -I../../../../../../AWECore/Include -I../../../../Vendor/Drivers/STM32F4xx_HAL_Driver/Inc -I../../../../Vendor/Drivers/STM32F4xx_HAL_Driver/Inc/Legacy -I../../../../Vendor/Middlewares/ST/STM32_USB_Device_Library/Core/Inc -I../../../../Vendor/Middlewares/ST/STM32_USB_Device_Library/Class/AUDIO/Inc -I../../../../Vendor/Drivers/CMSIS/Include -I../../../../Vendor/Drivers/CMSIS/Device/ST/STM32F4xx/Include -I../../../../Vendor/Drivers/BSP -I../../../../Vendor/Include -I../../../../Vendor/Source -O3 -ffunction-sections -Wall -fstack-usage -fcyclomatic-complexity -MMD -MP -MF"STM32F4xx_HAL_Driver/Src/stm32f4xx_hal_i2c_ex.d" -MT"STM32F4xx_HAL_Driver/Src/stm32f4xx_hal_i2c_ex.o" --specs=nano.specs -mfpu=fpv4-sp-d16 -mfloat-abi=hard -mthumb -o "STM32F4xx_HAL_Driver/Src/stm32f4xx_hal_i2c_ex.o"
arm-none-eabi-gcc "C:/MyProject/AWE_project/02.milestone/AWE_stm32f4_source/SampleApps/STM32F407/Vendor/Drivers/STM32F4xx_HAL_Driver/Src/stm32f4xx_hal_i2s.c" -mcpu=cortex-m4 -std=gnu11 -DENABLE_MIC -DUSE_HAL_DRIVER -DSTM32F407xx -DCORE_M4 -DDSPC_CORTEX_M -DARM_MATH_CM4 -DUSE_V4_FEATURES -DUSE_FLASH_FILE_SYSTEM -DHID_INTERFACE -DSTM32F4XX -DUSE_STM32F4XX_DISCOVERY -DUSE_DEFAULT_TIMEOUT_CALLBACK -DUSE_GPIO -D_DLIB_FILE_DESCRIPTOR -D__FPU_PRESENT=1U -c -I../../../../Source -I../../../../../../AWECore/Include -I../../../../Vendor/Drivers/STM32F4xx_HAL_Driver/Inc -I../../../../Vendor/Drivers/STM32F4xx_HAL_Driver/Inc/Legacy -I../../../../Vendor/Middlewares/ST/STM32_USB_Device_Library/Core/Inc -I../../../../Vendor/Middlewares/ST/STM32_USB_Device_Library/Class/AUDIO/Inc -I../../../../Vendor/Drivers/CMSIS/Include -I../../../../Vendor/Drivers/CMSIS/Device/ST/STM32F4xx/Include -I../../../../Vendor/Drivers/BSP -I../../../../Vendor/Include -I../../../../Vendor/Source -O3 -ffunction-sections -Wall -fstack-usage -fcyclomatic-complexity -MMD -MP -MF"STM32F4xx_HAL_Driver/Src/stm32f4xx_hal_i2s.d" -MT"STM32F4xx_HAL_Driver/Src/stm32f4xx_hal_i2s.o" --specs=nano.specs -mfpu=fpv4-sp-d16 -mfloat-abi=hard -mthumb -o "STM32F4xx_HAL_Driver/Src/stm32f4xx_hal_i2s.o"
arm-none-eabi-gcc "C:/MyProject/AWE_project/02.milestone/AWE_stm32f4_source/SampleApps/STM32F407/Vendor/Drivers/STM32F4xx_HAL_Driver/Src/stm32f4xx_hal_i2s_ex.c" -mcpu=cortex-m4 -std=gnu11 -DENABLE_MIC -DUSE_HAL_DRIVER -DSTM32F407xx -DCORE_M4 -DDSPC_CORTEX_M -DARM_MATH_CM4 -DUSE_V4_FEATURES -DUSE_FLASH_FILE_SYSTEM -DHID_INTERFACE -DSTM32F4XX -DUSE_STM32F4XX_DISCOVERY -DUSE_DEFAULT_TIMEOUT_CALLBACK -DUSE_GPIO -D_DLIB_FILE_DESCRIPTOR -D__FPU_PRESENT=1U -c -I../../../../Source -I../../../../../../AWECore/Include -I../../../../Vendor/Drivers/STM32F4xx_HAL_Driver/Inc -I../../../../Vendor/Drivers/STM32F4xx_HAL_Driver/Inc/Legacy -I../../../../Vendor/Middlewares/ST/STM32_USB_Device_Library/Core/Inc -I../../../../Vendor/Middlewares/ST/STM32_USB_Device_Library/Class/AUDIO/Inc -I../../../../Vendor/Drivers/CMSIS/Include -I../../../../Vendor/Drivers/CMSIS/Device/ST/STM32F4xx/Include -I../../../../Vendor/Drivers/BSP -I../../../../Vendor/Include -I../../../../Vendor/Source -O3 -ffunction-sections -Wall -fstack-usage -fcyclomatic-complexity -MMD -MP -MF"STM32F4xx_HAL_Driver/Src/stm32f4xx_hal_i2s_ex.d" -MT"STM32F4xx_HAL_Driver/Src/stm32f4xx_hal_i2s_ex.o" --specs=nano.specs -mfpu=fpv4-sp-d16 -mfloat-abi=hard -mthumb -o "STM32F4xx_HAL_Driver/Src/stm32f4xx_hal_i2s_ex.o"
arm-none-eabi-gcc "C:/MyProject/AWE_project/02.milestone/AWE_stm32f4_source/SampleApps/STM32F407/Vendor/Drivers/STM32F4xx_HAL_Driver/Src/stm32f4xx_hal_pcd.c" -mcpu=cortex-m4 -std=gnu11 -DENABLE_MIC -DUSE_HAL_DRIVER -DSTM32F407xx -DCORE_M4 -DDSPC_CORTEX_M -DARM_MATH_CM4 -DUSE_V4_FEATURES -DUSE_FLASH_FILE_SYSTEM -DHID_INTERFACE -DSTM32F4XX -DUSE_STM32F4XX_DISCOVERY -DUSE_DEFAULT_TIMEOUT_CALLBACK -DUSE_GPIO -D_DLIB_FILE_DESCRIPTOR -D__FPU_PRESENT=1U -c -I../../../../Source -I../../../../../../AWECore/Include -I../../../../Vendor/Drivers/STM32F4xx_HAL_Driver/Inc -I../../../../Vendor/Drivers/STM32F4xx_HAL_Driver/Inc/Legacy -I../../../../Vendor/Middlewares/ST/STM32_USB_Device_Library/Core/Inc -I../../../../Vendor/Middlewares/ST/STM32_USB_Device_Library/Class/AUDIO/Inc -I../../../../Vendor/Drivers/CMSIS/Include -I../../../../Vendor/Drivers/CMSIS/Device/ST/STM32F4xx/Include -I../../../../Vendor/Drivers/BSP -I../../../../Vendor/Include -I../../../../Vendor/Source -O3 -ffunction-sections -Wall -fstack-usage -fcyclomatic-complexity -MMD -MP -MF"STM32F4xx_HAL_Driver/Src/stm32f4xx_hal_pcd.d" -MT"STM32F4xx_HAL_Driver/Src/stm32f4xx_hal_pcd.o" --specs=nano.specs -mfpu=fpv4-sp-d16 -mfloat-abi=hard -mthumb -o "STM32F4xx_HAL_Driver/Src/stm32f4xx_hal_pcd.o"
arm-none-eabi-gcc "C:/MyProject/AWE_project/02.milestone/AWE_stm32f4_source/SampleApps/STM32F407/Vendor/Drivers/STM32F4xx_HAL_Driver/Src/stm32f4xx_hal_pcd_ex.c" -mcpu=cortex-m4 -std=gnu11 -DENABLE_MIC -DUSE_HAL_DRIVER -DSTM32F407xx -DCORE_M4 -DDSPC_CORTEX_M -DARM_MATH_CM4 -DUSE_V4_FEATURES -DUSE_FLASH_FILE_SYSTEM -DHID_INTERFACE -DSTM32F4XX -DUSE_STM32F4XX_DISCOVERY -DUSE_DEFAULT_TIMEOUT_CALLBACK -DUSE_GPIO -D_DLIB_FILE_DESCRIPTOR -D__FPU_PRESENT=1U -c -I../../../../Source -I../../../../../../AWECore/Include -I../../../../Vendor/Drivers/STM32F4xx_HAL_Driver/Inc -I../../../../Vendor/Drivers/STM32F4xx_HAL_Driver/Inc/Legacy -I../../../../Vendor/Middlewares/ST/STM32_USB_Device_Library/Core/Inc -I../../../../Vendor/Middlewares/ST/STM32_USB_Device_Library/Class/AUDIO/Inc -I../../../../Vendor/Drivers/CMSIS/Include -I../../../../Vendor/Drivers/CMSIS/Device/ST/STM32F4xx/Include -I../../../../Vendor/Drivers/BSP -I../../../../Vendor/Include -I../../../../Vendor/Source -O3 -ffunction-sections -Wall -fstack-usage -fcyclomatic-complexity -MMD -MP -MF"STM32F4xx_HAL_Driver/Src/stm32f4xx_hal_pcd_ex.d" -MT"STM32F4xx_HAL_Driver/Src/stm32f4xx_hal_pcd_ex.o" --specs=nano.specs -mfpu=fpv4-sp-d16 -mfloat-abi=hard -mthumb -o "STM32F4xx_HAL_Driver/Src/stm32f4xx_hal_pcd_ex.o"
arm-none-eabi-gcc "C:/MyProject/AWE_project/02.milestone/AWE_stm32f4_source/SampleApps/STM32F407/Vendor/Drivers/STM32F4xx_HAL_Driver/Src/stm32f4xx_hal_pwr.c" -mcpu=cortex-m4 -std=gnu11 -DENABLE_MIC -DUSE_HAL_DRIVER -DSTM32F407xx -DCORE_M4 -DDSPC_CORTEX_M -DARM_MATH_CM4 -DUSE_V4_FEATURES -DUSE_FLASH_FILE_SYSTEM -DHID_INTERFACE -DSTM32F4XX -DUSE_STM32F4XX_DISCOVERY -DUSE_DEFAULT_TIMEOUT_CALLBACK -DUSE_GPIO -D_DLIB_FILE_DESCRIPTOR -D__FPU_PRESENT=1U -c -I../../../../Source -I../../../../../../AWECore/Include -I../../../../Vendor/Drivers/STM32F4xx_HAL_Driver/Inc -I../../../../Vendor/Drivers/STM32F4xx_HAL_Driver/Inc/Legacy -I../../../../Vendor/Middlewares/ST/STM32_USB_Device_Library/Core/Inc -I../../../../Vendor/Middlewares/ST/STM32_USB_Device_Library/Class/AUDIO/Inc -I../../../../Vendor/Drivers/CMSIS/Include -I../../../../Vendor/Drivers/CMSIS/Device/ST/STM32F4xx/Include -I../../../../Vendor/Drivers/BSP -I../../../../Vendor/Include -I../../../../Vendor/Source -O3 -ffunction-sections -Wall -fstack-usage -fcyclomatic-complexity -MMD -MP -MF"STM32F4xx_HAL_Driver/Src/stm32f4xx_hal_pwr.d" -MT"STM32F4xx_HAL_Driver/Src/stm32f4xx_hal_pwr.o" --specs=nano.specs -mfpu=fpv4-sp-d16 -mfloat-abi=hard -mthumb -o "STM32F4xx_HAL_Driver/Src/stm32f4xx_hal_pwr.o"
arm-none-eabi-gcc "C:/MyProject/AWE_project/02.milestone/AWE_stm32f4_source/SampleApps/STM32F407/Vendor/Drivers/STM32F4xx_HAL_Driver/Src/stm32f4xx_hal_pwr_ex.c" -mcpu=cortex-m4 -std=gnu11 -DENABLE_MIC -DUSE_HAL_DRIVER -DSTM32F407xx -DCORE_M4 -DDSPC_CORTEX_M -DARM_MATH_CM4 -DUSE_V4_FEATURES -DUSE_FLASH_FILE_SYSTEM -DHID_INTERFACE -DSTM32F4XX -DUSE_STM32F4XX_DISCOVERY -DUSE_DEFAULT_TIMEOUT_CALLBACK -DUSE_GPIO -D_DLIB_FILE_DESCRIPTOR -D__FPU_PRESENT=1U -c -I../../../../Source -I../../../../../../AWECore/Include -I../../../../Vendor/Drivers/STM32F4xx_HAL_Driver/Inc -I../../../../Vendor/Drivers/STM32F4xx_HAL_Driver/Inc/Legacy -I../../../../Vendor/Middlewares/ST/STM32_USB_Device_Library/Core/Inc -I../../../../Vendor/Middlewares/ST/STM32_USB_Device_Library/Class/AUDIO/Inc -I../../../../Vendor/Drivers/CMSIS/Include -I../../../../Vendor/Drivers/CMSIS/Device/ST/STM32F4xx/Include -I../../../../Vendor/Drivers/BSP -I../../../../Vendor/Include -I../../../../Vendor/Source -O3 -ffunction-sections -Wall -fstack-usage -fcyclomatic-complexity -MMD -MP -MF"STM32F4xx_HAL_Driver/Src/stm32f4xx_hal_pwr_ex.d" -MT"STM32F4xx_HAL_Driver/Src/stm32f4xx_hal_pwr_ex.o" --specs=nano.specs -mfpu=fpv4-sp-d16 -mfloat-abi=hard -mthumb -o "STM32F4xx_HAL_Driver/Src/stm32f4xx_hal_pwr_ex.o"
arm-none-eabi-gcc "C:/MyProject/AWE_project/02.milestone/AWE_stm32f4_source/SampleApps/STM32F407/Vendor/Drivers/STM32F4xx_HAL_Driver/Src/stm32f4xx_hal_qspi.c" -mcpu=cortex-m4 -std=gnu11 -DENABLE_MIC -DUSE_HAL_DRIVER -DSTM32F407xx -DCORE_M4 -DDSPC_CORTEX_M -DARM_MATH_CM4 -DUSE_V4_FEATURES -DUSE_FLASH_FILE_SYSTEM -DHID_INTERFACE -DSTM32F4XX -DUSE_STM32F4XX_DISCOVERY -DUSE_DEFAULT_TIMEOUT_CALLBACK -DUSE_GPIO -D_DLIB_FILE_DESCRIPTOR -D__FPU_PRESENT=1U -c -I../../../../Source -I../../../../../../AWECore/Include -I../../../../Vendor/Drivers/STM32F4xx_HAL_Driver/Inc -I../../../../Vendor/Drivers/STM32F4xx_HAL_Driver/Inc/Legacy -I../../../../Vendor/Middlewares/ST/STM32_USB_Device_Library/Core/Inc -I../../../../Vendor/Middlewares/ST/STM32_USB_Device_Library/Class/AUDIO/Inc -I../../../../Vendor/Drivers/CMSIS/Include -I../../../../Vendor/Drivers/CMSIS/Device/ST/STM32F4xx/Include -I../../../../Vendor/Drivers/BSP -I../../../../Vendor/Include -I../../../../Vendor/Source -O3 -ffunction-sections -Wall -fstack-usage -fcyclomatic-complexity -MMD -MP -MF"STM32F4xx_HAL_Driver/Src/stm32f4xx_hal_qspi.d" -MT"STM32F4xx_HAL_Driver/Src/stm32f4xx_hal_qspi.o" --specs=nano.specs -mfpu=fpv4-sp-d16 -mfloat-abi=hard -mthumb -o "STM32F4xx_HAL_Driver/Src/stm32f4xx_hal_qspi.o"
arm-none-eabi-gcc "C:/MyProject/AWE_project/02.milestone/AWE_stm32f4_source/SampleApps/STM32F407/Vendor/Drivers/STM32F4xx_HAL_Driver/Src/stm32f4xx_hal_rcc.c" -mcpu=cortex-m4 -std=gnu11 -DENABLE_MIC -DUSE_HAL_DRIVER -DSTM32F407xx -DCORE_M4 -DDSPC_CORTEX_M -DARM_MATH_CM4 -DUSE_V4_FEATURES -DUSE_FLASH_FILE_SYSTEM -DHID_INTERFACE -DSTM32F4XX -DUSE_STM32F4XX_DISCOVERY -DUSE_DEFAULT_TIMEOUT_CALLBACK -DUSE_GPIO -D_DLIB_FILE_DESCRIPTOR -D__FPU_PRESENT=1U -c -I../../../../Source -I../../../../../../AWECore/Include -I../../../../Vendor/Drivers/STM32F4xx_HAL_Driver/Inc -I../../../../Vendor/Drivers/STM32F4xx_HAL_Driver/Inc/Legacy -I../../../../Vendor/Middlewares/ST/STM32_USB_Device_Library/Core/Inc -I../../../../Vendor/Middlewares/ST/STM32_USB_Device_Library/Class/AUDIO/Inc -I../../../../Vendor/Drivers/CMSIS/Include -I../../../../Vendor/Drivers/CMSIS/Device/ST/STM32F4xx/Include -I../../../../Vendor/Drivers/BSP -I../../../../Vendor/Include -I../../../../Vendor/Source -O3 -ffunction-sections -Wall -fstack-usage -fcyclomatic-complexity -MMD -MP -MF"STM32F4xx_HAL_Driver/Src/stm32f4xx_hal_rcc.d" -MT"STM32F4xx_HAL_Driver/Src/stm32f4xx_hal_rcc.o" --specs=nano.specs -mfpu=fpv4-sp-d16 -mfloat-abi=hard -mthumb -o "STM32F4xx_HAL_Driver/Src/stm32f4xx_hal_rcc.o"
arm-none-eabi-gcc "C:/MyProject/AWE_project/02.milestone/AWE_stm32f4_source/SampleApps/STM32F407/Vendor/Drivers/STM32F4xx_HAL_Driver/Src/stm32f4xx_hal_rcc_ex.c" -mcpu=cortex-m4 -std=gnu11 -DENABLE_MIC -DUSE_HAL_DRIVER -DSTM32F407xx -DCORE_M4 -DDSPC_CORTEX_M -DARM_MATH_CM4 -DUSE_V4_FEATURES -DUSE_FLASH_FILE_SYSTEM -DHID_INTERFACE -DSTM32F4XX -DUSE_STM32F4XX_DISCOVERY -DUSE_DEFAULT_TIMEOUT_CALLBACK -DUSE_GPIO -D_DLIB_FILE_DESCRIPTOR -D__FPU_PRESENT=1U -c -I../../../../Source -I../../../../../../AWECore/Include -I../../../../Vendor/Drivers/STM32F4xx_HAL_Driver/Inc -I../../../../Vendor/Drivers/STM32F4xx_HAL_Driver/Inc/Legacy -I../../../../Vendor/Middlewares/ST/STM32_USB_Device_Library/Core/Inc -I../../../../Vendor/Middlewares/ST/STM32_USB_Device_Library/Class/AUDIO/Inc -I../../../../Vendor/Drivers/CMSIS/Include -I../../../../Vendor/Drivers/CMSIS/Device/ST/STM32F4xx/Include -I../../../../Vendor/Drivers/BSP -I../../../../Vendor/Include -I../../../../Vendor/Source -O3 -ffunction-sections -Wall -fstack-usage -fcyclomatic-complexity -MMD -MP -MF"STM32F4xx_HAL_Driver/Src/stm32f4xx_hal_rcc_ex.d" -MT"STM32F4xx_HAL_Driver/Src/stm32f4xx_hal_rcc_ex.o" --specs=nano.specs -mfpu=fpv4-sp-d16 -mfloat-abi=hard -mthumb -o "STM32F4xx_HAL_Driver/Src/stm32f4xx_hal_rcc_ex.o"
arm-none-eabi-gcc "C:/MyProject/AWE_project/02.milestone/AWE_stm32f4_source/SampleApps/STM32F407/Vendor/Drivers/STM32F4xx_HAL_Driver/Src/stm32f4xx_hal_spi.c" -mcpu=cortex-m4 -std=gnu11 -DENABLE_MIC -DUSE_HAL_DRIVER -DSTM32F407xx -DCORE_M4 -DDSPC_CORTEX_M -DARM_MATH_CM4 -DUSE_V4_FEATURES -DUSE_FLASH_FILE_SYSTEM -DHID_INTERFACE -DSTM32F4XX -DUSE_STM32F4XX_DISCOVERY -DUSE_DEFAULT_TIMEOUT_CALLBACK -DUSE_GPIO -D_DLIB_FILE_DESCRIPTOR -D__FPU_PRESENT=1U -c -I../../../../Source -I../../../../../../AWECore/Include -I../../../../Vendor/Drivers/STM32F4xx_HAL_Driver/Inc -I../../../../Vendor/Drivers/STM32F4xx_HAL_Driver/Inc/Legacy -I../../../../Vendor/Middlewares/ST/STM32_USB_Device_Library/Core/Inc -I../../../../Vendor/Middlewares/ST/STM32_USB_Device_Library/Class/AUDIO/Inc -I../../../../Vendor/Drivers/CMSIS/Include -I../../../../Vendor/Drivers/CMSIS/Device/ST/STM32F4xx/Include -I../../../../Vendor/Drivers/BSP -I../../../../Vendor/Include -I../../../../Vendor/Source -O3 -ffunction-sections -Wall -fstack-usage -fcyclomatic-complexity -MMD -MP -MF"STM32F4xx_HAL_Driver/Src/stm32f4xx_hal_spi.d" -MT"STM32F4xx_HAL_Driver/Src/stm32f4xx_hal_spi.o" --specs=nano.specs -mfpu=fpv4-sp-d16 -mfloat-abi=hard -mthumb -o "STM32F4xx_HAL_Driver/Src/stm32f4xx_hal_spi.o"
arm-none-eabi-gcc "C:/MyProject/AWE_project/02.milestone/AWE_stm32f4_source/SampleApps/STM32F407/Vendor/Drivers/STM32F4xx_HAL_Driver/Src/stm32f4xx_hal_tim.c" -mcpu=cortex-m4 -std=gnu11 -DENABLE_MIC -DUSE_HAL_DRIVER -DSTM32F407xx -DCORE_M4 -DDSPC_CORTEX_M -DARM_MATH_CM4 -DUSE_V4_FEATURES -DUSE_FLASH_FILE_SYSTEM -DHID_INTERFACE -DSTM32F4XX -DUSE_STM32F4XX_DISCOVERY -DUSE_DEFAULT_TIMEOUT_CALLBACK -DUSE_GPIO -D_DLIB_FILE_DESCRIPTOR -D__FPU_PRESENT=1U -c -I../../../../Source -I../../../../../../AWECore/Include -I../../../../Vendor/Drivers/STM32F4xx_HAL_Driver/Inc -I../../../../Vendor/Drivers/STM32F4xx_HAL_Driver/Inc/Legacy -I../../../../Vendor/Middlewares/ST/STM32_USB_Device_Library/Core/Inc -I../../../../Vendor/Middlewares/ST/STM32_USB_Device_Library/Class/AUDIO/Inc -I../../../../Vendor/Drivers/CMSIS/Include -I../../../../Vendor/Drivers/CMSIS/Device/ST/STM32F4xx/Include -I../../../../Vendor/Drivers/BSP -I../../../../Vendor/Include -I../../../../Vendor/Source -O3 -ffunction-sections -Wall -fstack-usage -fcyclomatic-complexity -MMD -MP -MF"STM32F4xx_HAL_Driver/Src/stm32f4xx_hal_tim.d" -MT"STM32F4xx_HAL_Driver/Src/stm32f4xx_hal_tim.o" --specs=nano.specs -mfpu=fpv4-sp-d16 -mfloat-abi=hard -mthumb -o "STM32F4xx_HAL_Driver/Src/stm32f4xx_hal_tim.o"
arm-none-eabi-gcc "C:/MyProject/AWE_project/02.milestone/AWE_stm32f4_source/SampleApps/STM32F407/Vendor/Drivers/STM32F4xx_HAL_Driver/Src/stm32f4xx_hal_tim_ex.c" -mcpu=cortex-m4 -std=gnu11 -DENABLE_MIC -DUSE_HAL_DRIVER -DSTM32F407xx -DCORE_M4 -DDSPC_CORTEX_M -DARM_MATH_CM4 -DUSE_V4_FEATURES -DUSE_FLASH_FILE_SYSTEM -DHID_INTERFACE -DSTM32F4XX -DUSE_STM32F4XX_DISCOVERY -DUSE_DEFAULT_TIMEOUT_CALLBACK -DUSE_GPIO -D_DLIB_FILE_DESCRIPTOR -D__FPU_PRESENT=1U -c -I../../../../Source -I../../../../../../AWECore/Include -I../../../../Vendor/Drivers/STM32F4xx_HAL_Driver/Inc -I../../../../Vendor/Drivers/STM32F4xx_HAL_Driver/Inc/Legacy -I../../../../Vendor/Middlewares/ST/STM32_USB_Device_Library/Core/Inc -I../../../../Vendor/Middlewares/ST/STM32_USB_Device_Library/Class/AUDIO/Inc -I../../../../Vendor/Drivers/CMSIS/Include -I../../../../Vendor/Drivers/CMSIS/Device/ST/STM32F4xx/Include -I../../../../Vendor/Drivers/BSP -I../../../../Vendor/Include -I../../../../Vendor/Source -O3 -ffunction-sections -Wall -fstack-usage -fcyclomatic-complexity -MMD -MP -MF"STM32F4xx_HAL_Driver/Src/stm32f4xx_hal_tim_ex.d" -MT"STM32F4xx_HAL_Driver/Src/stm32f4xx_hal_tim_ex.o" --specs=nano.specs -mfpu=fpv4-sp-d16 -mfloat-abi=hard -mthumb -o "STM32F4xx_HAL_Driver/Src/stm32f4xx_hal_tim_ex.o"
arm-none-eabi-gcc "C:/MyProject/AWE_project/02.milestone/AWE_stm32f4_source/SampleApps/STM32F407/Vendor/Drivers/STM32F4xx_HAL_Driver/Src/stm32f4xx_ll_usb.c" -mcpu=cortex-m4 -std=gnu11 -DENABLE_MIC -DUSE_HAL_DRIVER -DSTM32F407xx -DCORE_M4 -DDSPC_CORTEX_M -DARM_MATH_CM4 -DUSE_V4_FEATURES -DUSE_FLASH_FILE_SYSTEM -DHID_INTERFACE -DSTM32F4XX -DUSE_STM32F4XX_DISCOVERY -DUSE_DEFAULT_TIMEOUT_CALLBACK -DUSE_GPIO -D_DLIB_FILE_DESCRIPTOR -D__FPU_PRESENT=1U -c -I../../../../Source -I../../../../../../AWECore/Include -I../../../../Vendor/Drivers/STM32F4xx_HAL_Driver/Inc -I../../../../Vendor/Drivers/STM32F4xx_HAL_Driver/Inc/Legacy -I../../../../Vendor/Middlewares/ST/STM32_USB_Device_Library/Core/Inc -I../../../../Vendor/Middlewares/ST/STM32_USB_Device_Library/Class/AUDIO/Inc -I../../../../Vendor/Drivers/CMSIS/Include -I../../../../Vendor/Drivers/CMSIS/Device/ST/STM32F4xx/Include -I../../../../Vendor/Drivers/BSP -I../../../../Vendor/Include -I../../../../Vendor/Source -O3 -ffunction-sections -Wall -fstack-usage -fcyclomatic-complexity -MMD -MP -MF"STM32F4xx_HAL_Driver/Src/stm32f4xx_ll_usb.d" -MT"STM32F4xx_HAL_Driver/Src/stm32f4xx_ll_usb.o" --specs=nano.specs -mfpu=fpv4-sp-d16 -mfloat-abi=hard -mthumb -o "STM32F4xx_HAL_Driver/Src/stm32f4xx_ll_usb.o"
arm-none-eabi-gcc "C:/MyProject/AWE_project/02.milestone/AWE_stm32f4_source/SampleApps/STM32F407/Vendor/Drivers/BSP/cs43l22.c" -mcpu=cortex-m4 -std=gnu11 -DENABLE_MIC -DUSE_HAL_DRIVER -DSTM32F407xx -DCORE_M4 -DDSPC_CORTEX_M -DARM_MATH_CM4 -DUSE_V4_FEATURES -DUSE_FLASH_FILE_SYSTEM -DHID_INTERFACE -DSTM32F4XX -DUSE_STM32F4XX_DISCOVERY -DUSE_DEFAULT_TIMEOUT_CALLBACK -DUSE_GPIO -D_DLIB_FILE_DESCRIPTOR -D__FPU_PRESENT=1U -c -I../../../../Source -I../../../../../../AWECore/Include -I../../../../Vendor/Drivers/STM32F4xx_HAL_Driver/Inc -I../../../../Vendor/Drivers/STM32F4xx_HAL_Driver/Inc/Legacy -I../../../../Vendor/Middlewares/ST/STM32_USB_Device_Library/Core/Inc -I../../../../Vendor/Middlewares/ST/STM32_USB_Device_Library/Class/AUDIO/Inc -I../../../../Vendor/Drivers/CMSIS/Include -I../../../../Vendor/Drivers/CMSIS/Device/ST/STM32F4xx/Include -I../../../../Vendor/Drivers/BSP -I../../../../Vendor/Include -I../../../../Vendor/Source -O3 -ffunction-sections -Wall -fstack-usage -fcyclomatic-complexity -MMD -MP -MF"BSP/cs43l22.d" -MT"BSP/cs43l22.o" --specs=nano.specs -mfpu=fpv4-sp-d16 -mfloat-abi=hard -mthumb -o "BSP/cs43l22.o"
arm-none-eabi-gcc -mcpu=cortex-m4 -c -IC:/Develop/DSPConcepts/SVN/trunk/AudioWeaver/Source/Targets/STM32F407_Discovery/Source -IC:/Develop/DSPConcepts/SVN/trunk/AudioWeaver/Source/Targets/STM32F407_Discovery/Lib/AWEInclude -IC:/Develop/DSPConcepts/SVN/trunk/AudioWeaver/Source/Targets/STM32F407_Discovery/Vendor/Drivers/STM32F4xx_HAL_Driver/Inc -IC:/Develop/DSPConcepts/SVN/trunk/AudioWeaver/Source/Targets/STM32F407_Discovery/Vendor/Drivers/STM32F4xx_HAL_Driver/Inc/Legacy -IC:/Develop/DSPConcepts/SVN/trunk/AudioWeaver/Source/Targets/STM32F407_Discovery/Vendor/Middlewares/ST/STM32_USB_Device_Library/Core/Inc -IC:/Develop/DSPConcepts/SVN/trunk/AudioWeaver/Source/Targets/STM32F407_Discovery/Vendor/Middlewares/ST/STM32_USB_Device_Library/Class/AUDIO/Inc -IC:/Develop/DSPConcepts/SVN/trunk/AudioWeaver/Source/Targets/STM32F407_Discovery/Vendor/Drivers/CMSIS/Include -IC:/Develop/DSPConcepts/SVN/trunk/AudioWeaver/Source/Targets/STM32F407_Discovery/Vendor/Drivers/CMSIS/Device/ST/STM32F4xx/Include -IC:/Develop/DSPConcepts/SVN/trunk/AudioWeaver/Source/Targets/STM32F407_Discovery/Lib/VendorInclude -IC:/Develop/DSPConcepts/SVN/trunk/AudioWeaver/Source/Targets/STM32F407_Discovery/Build/SW4STM32/STM32F407_Discovery/inc -x assembler-with-cpp -MMD -MP -MF"BSP/startup_stm32f407xx.d" -MT"BSP/startup_stm32f407xx.o" --specs=nano.specs -mfpu=fpv4-sp-d16 -mfloat-abi=hard -mthumb -o "BSP/startup_stm32f407xx.o" "C:/MyProject/AWE_project/02.milestone/AWE_stm32f4_source/SampleApps/STM32F407/Vendor/Drivers/CMSIS/Device/ST/STM32F4xx/Source/Templates/gcc/startup_stm32f407xx.s"
arm-none-eabi-gcc "C:/MyProject/AWE_project/02.milestone/AWE_stm32f4_source/SampleApps/STM32F407/Vendor/Source/stm32f4_discovery.c" -mcpu=cortex-m4 -std=gnu11 -DENABLE_MIC -DUSE_HAL_DRIVER -DSTM32F407xx -DCORE_M4 -DDSPC_CORTEX_M -DARM_MATH_CM4 -DUSE_V4_FEATURES -DUSE_FLASH_FILE_SYSTEM -DHID_INTERFACE -DSTM32F4XX -DUSE_STM32F4XX_DISCOVERY -DUSE_DEFAULT_TIMEOUT_CALLBACK -DUSE_GPIO -D_DLIB_FILE_DESCRIPTOR -D__FPU_PRESENT=1U -c -I../../../../Source -I../../../../../../AWECore/Include -I../../../../Vendor/Drivers/STM32F4xx_HAL_Driver/Inc -I../../../../Vendor/Drivers/STM32F4xx_HAL_Driver/Inc/Legacy -I../../../../Vendor/Middlewares/ST/STM32_USB_Device_Library/Core/Inc -I../../../../Vendor/Middlewares/ST/STM32_USB_Device_Library/Class/AUDIO/Inc -I../../../../Vendor/Drivers/CMSIS/Include -I../../../../Vendor/Drivers/CMSIS/Device/ST/STM32F4xx/Include -I../../../../Vendor/Drivers/BSP -I../../../../Vendor/Include -I../../../../Vendor/Source -O3 -ffunction-sections -Wall -fstack-usage -fcyclomatic-complexity -MMD -MP -MF"BSP/stm32f4_discovery.d" -MT"BSP/stm32f4_discovery.o" --specs=nano.specs -mfpu=fpv4-sp-d16 -mfloat-abi=hard -mthumb -o "BSP/stm32f4_discovery.o"
arm-none-eabi-gcc "C:/MyProject/AWE_project/02.milestone/AWE_stm32f4_source/SampleApps/STM32F407/Vendor/Source/stm32f4_discovery_audio.c" -mcpu=cortex-m4 -std=gnu11 -DENABLE_MIC -DUSE_HAL_DRIVER -DSTM32F407xx -DCORE_M4 -DDSPC_CORTEX_M -DARM_MATH_CM4 -DUSE_V4_FEATURES -DUSE_FLASH_FILE_SYSTEM -DHID_INTERFACE -DSTM32F4XX -DUSE_STM32F4XX_DISCOVERY -DUSE_DEFAULT_TIMEOUT_CALLBACK -DUSE_GPIO -D_DLIB_FILE_DESCRIPTOR -D__FPU_PRESENT=1U -c -I../../../../Source -I../../../../../../AWECore/Include -I../../../../Vendor/Drivers/STM32F4xx_HAL_Driver/Inc -I../../../../Vendor/Drivers/STM32F4xx_HAL_Driver/Inc/Legacy -I../../../../Vendor/Middlewares/ST/STM32_USB_Device_Library/Core/Inc -I../../../../Vendor/Middlewares/ST/STM32_USB_Device_Library/Class/AUDIO/Inc -I../../../../Vendor/Drivers/CMSIS/Include -I../../../../Vendor/Drivers/CMSIS/Device/ST/STM32F4xx/Include -I../../../../Vendor/Drivers/BSP -I../../../../Vendor/Include -I../../../../Vendor/Source -O3 -ffunction-sections -Wall -fstack-usage -fcyclomatic-complexity -MMD -MP -MF"BSP/stm32f4_discovery_audio.d" -MT"BSP/stm32f4_discovery_audio.o" --specs=nano.specs -mfpu=fpv4-sp-d16 -mfloat-abi=hard -mthumb -o "BSP/stm32f4_discovery_audio.o"
arm-none-eabi-gcc "C:/MyProject/AWE_project/02.milestone/AWE_stm32f4_source/SampleApps/STM32F407/Vendor/Source/stm32f4xx_it.c" -mcpu=cortex-m4 -std=gnu11 -DENABLE_MIC -DUSE_HAL_DRIVER -DSTM32F407xx -DCORE_M4 -DDSPC_CORTEX_M -DARM_MATH_CM4 -DUSE_V4_FEATURES -DUSE_FLASH_FILE_SYSTEM -DHID_INTERFACE -DSTM32F4XX -DUSE_STM32F4XX_DISCOVERY -DUSE_DEFAULT_TIMEOUT_CALLBACK -DUSE_GPIO -D_DLIB_FILE_DESCRIPTOR -D__FPU_PRESENT=1U -c -I../../../../Source -I../../../../../../AWECore/Include -I../../../../Vendor/Drivers/STM32F4xx_HAL_Driver/Inc -I../../../../Vendor/Drivers/STM32F4xx_HAL_Driver/Inc/Legacy -I../../../../Vendor/Middlewares/ST/STM32_USB_Device_Library/Core/Inc -I../../../../Vendor/Middlewares/ST/STM32_USB_Device_Library/Class/AUDIO/Inc -I../../../../Vendor/Drivers/CMSIS/Include -I../../../../Vendor/Drivers/CMSIS/Device/ST/STM32F4xx/Include -I../../../../Vendor/Drivers/BSP -I../../../../Vendor/Include -I../../../../Vendor/Source -O3 -ffunction-sections -Wall -fstack-usage -fcyclomatic-complexity -MMD -MP -MF"BSP/stm32f4xx_it.d" -MT"BSP/stm32f4xx_it.o" --specs=nano.specs -mfpu=fpv4-sp-d16 -mfloat-abi=hard -mthumb -o "BSP/stm32f4xx_it.o"
arm-none-eabi-gcc "C:/MyProject/AWE_project/02.milestone/AWE_stm32f4_source/SampleApps/STM32F407/Vendor/Source/system_stm32f4xx.c" -mcpu=cortex-m4 -std=gnu11 -DENABLE_MIC -DUSE_HAL_DRIVER -DSTM32F407xx -DCORE_M4 -DDSPC_CORTEX_M -DARM_MATH_CM4 -DUSE_V4_FEATURES -DUSE_FLASH_FILE_SYSTEM -DHID_INTERFACE -DSTM32F4XX -DUSE_STM32F4XX_DISCOVERY -DUSE_DEFAULT_TIMEOUT_CALLBACK -DUSE_GPIO -D_DLIB_FILE_DESCRIPTOR -D__FPU_PRESENT=1U -c -I../../../../Source -I../../../../../../AWECore/Include -I../../../../Vendor/Drivers/STM32F4xx_HAL_Driver/Inc -I../../../../Vendor/Drivers/STM32F4xx_HAL_Driver/Inc/Legacy -I../../../../Vendor/Middlewares/ST/STM32_USB_Device_Library/Core/Inc -I../../../../Vendor/Middlewares/ST/STM32_USB_Device_Library/Class/AUDIO/Inc -I../../../../Vendor/Drivers/CMSIS/Include -I../../../../Vendor/Drivers/CMSIS/Device/ST/STM32F4xx/Include -I../../../../Vendor/Drivers/BSP -I../../../../Vendor/Include -I../../../../Vendor/Source -O3 -ffunction-sections -Wall -fstack-usage -fcyclomatic-complexity -MMD -MP -MF"BSP/system_stm32f4xx.d" -MT"BSP/system_stm32f4xx.o" --specs=nano.specs -mfpu=fpv4-sp-d16 -mfloat-abi=hard -mthumb -o "BSP/system_stm32f4xx.o"
arm-none-eabi-gcc -o "STM32F407_Discovery.elf" @"objects.list"  -l:libQ15_ASRCLib.a -l:libAWECore.a -l:libPDMFilter_CM4_GCC_wc32.a -l:libarm_cortexM4lf_math.a -lstdc++ -mcpu=cortex-m4 -T"C:\MyProject\AWE_project\02.milestone\AWE_stm32f4_source\SampleApps\STM32F407\Build\SW4STM32\STM32F407_Discovery\LinkerScript.ld" --specs=nosys.specs -Wl,-Map="STM32F407_Discovery.map" -Wl,--gc-sections -static -L../../../../Vendor/Lib/SW4STM32 -L../../../../Vendor/Drivers/CMSIS/Lib/GCC -L../../../../Lib/SW4STM32 -L../../../../../../AWECore/Lib/SW4STM32/ -specs=rdimon.specs -lc -lrdimon --specs=nano.specs -mfpu=fpv4-sp-d16 -mfloat-abi=hard -mthumb -Wl,--start-group -lc -lm -Wl,--end-group
Finished building target: STM32F407_Discovery.elf
 
arm-none-eabi-size   STM32F407_Discovery.elf 
   text	   data	    bss	    dec	    hex	filename
 262584	  69520	 102720	 434824	  6a288	STM32F407_Discovery.elf
Finished building: default.size.stdout
 
arm-none-eabi-objdump -h -S  STM32F407_Discovery.elf  > "STM32F407_Discovery.list"
Finished building: STM32F407_Discovery.list
 
arm-none-eabi-objcopy -R .ccmram -O binary "STM32F407_Discovery.elf" "STM32F407_Discovery.bin"
arm-none-eabi-size -B "STM32F407_Discovery.elf" & arm-none-eabi-objdump -D "STM32F407_Discovery.elf" > "STM32F407_Discovery.lst" & cscript -nologo ../renamefile.js "STM32F407_Discovery.bin" "STM32F407_Discovery_SW4STM32.bin"
   text	   data	    bss	    dec	    hex	filename
 262584	  69520	 102720	 434824	  6a288	STM32F407_Discovery.elf
cscript -nologo ../copyfile.js "STM32F407_Discovery_SW4STM32.bin" "../../../../Bin/SW4STM32/"
 

11:36:46 Build Finished. 0 errors, 0 warnings. (took 25s.468ms)

